******************************************************************************
                  TI ARM Linker PC v20.2.5                     
******************************************************************************
>> Linked Fri Feb 18 15:09:07 2022

OUTPUT FILE NAME:   <LED_SWITCH.out>
ENTRY POINT SYMBOL: "_c_int00_noargs"  address: 000007e5


MEMORY CONFIGURATION

         name            origin    length      used     unused   attr    fill
----------------------  --------  ---------  --------  --------  ----  --------
  MAIN                  00000000   00040000  0000085c  0003f7a4  R  X
  INFO                  00200000   00004000  00000000  00004000  R  X
  SRAM_CODE             01000000   00010000  0000020c  0000fdf4  RW X
  SRAM_DATA             20000000   00010000  0000020c  0000fdf4  RW  


SEGMENT ALLOCATION MAP

run origin  load origin   length   init length attrs members
----------  ----------- ---------- ----------- ----- -------
00000000    00000000    00000860   00000860    r-x
  00000000    00000000    000000e4   000000e4    r-- .intvecs
  000000e4    000000e4    00000758   00000758    r-x .text
  00000840    00000840    00000020   00000020    r-- .cinit
20000000    20000000    0000000c   00000000    rw-
  20000000    20000000    0000000c   00000000    rw- .data
2000fe00    2000fe00    00000200   00000000    rw-
  2000fe00    2000fe00    00000200   00000000    rw- .stack


SECTION ALLOCATION MAP

 output                                  attributes/
section   page    origin      length       input sections
--------  ----  ----------  ----------   ----------------
.intvecs   0    00000000    000000e4     
                  00000000    000000e4     startup_msp432p401r_ccs.obj (.intvecs:retain)

.text      0    000000e4    00000758     
                  000000e4    00000334     system_msp432p401r.obj (.text)
                  00000418    00000284     main.obj (.text)
                  0000069c    0000009c     rtsv7M4_T_le_v4SPD16_eabi.lib : memcpy_t2.asm.obj (.text)
                  00000738    00000068                                   : copy_decompress_lzss.c.obj (.text:decompress:lzss:__TI_decompress_lzss)
                  000007a0    00000044                                   : autoinit.c.obj (.text:__TI_auto_init_nobinit_nopinit:__TI_auto_init_nobinit_nopinit)
                  000007e4    00000034                                   : boot_cortex_m.c.obj (.text:_c_int00_noargs:_c_int00_noargs)
                  00000818    0000000e                                   : copy_decompress_none.c.obj (.text:decompress:none:__TI_decompress_none)
                  00000826    0000000e     startup_msp432p401r_ccs.obj (.text)
                  00000834    00000004     rtsv7M4_T_le_v4SPD16_eabi.lib : pre_init.c.obj (.text:_system_pre_init)
                  00000838    00000004                                   : exit.c.obj (.text:abort:abort)

.cinit     0    00000840    00000020     
                  00000840    00000010     (.cinit..data.load) [load image, compression = lzss]
                  00000850    00000008     (__TI_handler_table)
                  00000858    00000008     (__TI_cinit_table)

.init_array 
*          0    00000000    00000000     UNINITIALIZED

.binit     0    00000000    00000000     

.data      0    20000000    0000000c     UNINITIALIZED
                  20000000    00000005     main.obj (.data)
                  20000005    00000003     --HOLE--
                  20000008    00000004     system_msp432p401r.obj (.data)

.stack     0    2000fe00    00000200     UNINITIALIZED
                  2000fe00    00000004     rtsv7M4_T_le_v4SPD16_eabi.lib : boot_cortex_m.c.obj (.stack)
                  2000fe04    000001fc     --HOLE--

__llvm_prf_cnts 
*          0    20000000    00000000     UNINITIALIZED

MODULE SUMMARY

       Module                        code   ro data   rw data
       ------                        ----   -------   -------
    .\
       system_msp432p401r.obj        820    0         8      
       main.obj                      644    0         10     
       startup_msp432p401r_ccs.obj   14     228       0      
    +--+-----------------------------+------+---------+---------+
       Total:                        1478   228       18     
                                                             
    C:\ti\ccs1110\ccs\tools\compiler\ti-cgt-arm_20.2.5.LTS\lib\rtsv7M4_T_le_v4SPD16_eabi.lib
       memcpy_t2.asm.obj             156    0         0      
       copy_decompress_lzss.c.obj    104    0         0      
       autoinit.c.obj                68     0         0      
       boot_cortex_m.c.obj           52     0         0      
       copy_decompress_none.c.obj    14     0         0      
       exit.c.obj                    4      0         0      
       pre_init.c.obj                4      0         0      
    +--+-----------------------------+------+---------+---------+
       Total:                        402    0         0      
                                                             
       Stack:                        0      0         1024   
       Linker Generated:             0      32        0      
    +--+-----------------------------+------+---------+---------+
       Grand Total:                  1880   260       1042   


LINKER GENERATED COPY TABLES

__TI_cinit_table @ 00000858 records: 1, size/record: 8, table size: 8
	.data: load addr=00000840, load size=00000010 bytes, run addr=20000000, run size=0000000c bytes, compression=lzss


LINKER GENERATED HANDLER TABLE

__TI_handler_table @ 00000850 records: 2, size/record: 4, table size: 8
	index: 0, handler: __TI_decompress_lzss
	index: 1, handler: __TI_decompress_none


GLOBAL SYMBOLS: SORTED ALPHABETICALLY BY Name 

address   name                          
-------   ----                          
00000833  ADC14_IRQHandler              
00000833  AES256_IRQHandler             
00000833  BusFault_Handler              
00000839  C$$EXIT                       
00000833  COMP_E0_IRQHandler            
00000833  COMP_E1_IRQHandler            
00000833  CS_IRQHandler                 
00000833  DMA_ERR_IRQHandler            
00000833  DMA_INT0_IRQHandler           
00000833  DMA_INT1_IRQHandler           
00000833  DMA_INT2_IRQHandler           
00000833  DMA_INT3_IRQHandler           
00000833  DebugMon_Handler              
00000833  Default_Handler               
00000833  EUSCIA0_IRQHandler            
00000833  EUSCIA1_IRQHandler            
00000833  EUSCIA2_IRQHandler            
00000833  EUSCIA3_IRQHandler            
00000833  EUSCIB0_IRQHandler            
00000833  EUSCIB1_IRQHandler            
00000833  EUSCIB2_IRQHandler            
00000833  EUSCIB3_IRQHandler            
00000833  FLCTL_IRQHandler              
00000833  FPU_IRQHandler                
00000833  HardFault_Handler             
00000833  MemManage_Handler             
00000833  NMI_Handler                   
00000833  PCM_IRQHandler                
00000569  PORT1_IRQHandler              
00000569  PORT1_IRQHandler              
00000833  PORT2_IRQHandler              
00000833  PORT3_IRQHandler              
00000833  PORT4_IRQHandler              
00000833  PORT5_IRQHandler              
00000833  PORT6_IRQHandler              
00000833  PSS_IRQHandler                
00000833  PendSV_Handler                
00000833  RTC_C_IRQHandler              
00000827  Reset_Handler                 
00000833  SVC_Handler                   
00000833  SysTick_Handler               
20000008  SystemCoreClock               
000000e5  SystemCoreClockUpdate         
0000035d  SystemInit                    
00000833  T32_INT1_IRQHandler           
00000833  T32_INT2_IRQHandler           
00000833  T32_INTC_IRQHandler           
000005bb  TA0_0_IRQHandler              
000005bb  TA0_0_IRQHandler              
00000833  TA0_N_IRQHandler              
00000833  TA1_0_IRQHandler              
00000833  TA1_N_IRQHandler              
00000833  TA2_0_IRQHandler              
00000833  TA2_N_IRQHandler              
00000833  TA3_0_IRQHandler              
00000833  TA3_N_IRQHandler              
00000833  UsageFault_Handler            
4000480c  WDTCTL_SYM                    
00000833  WDT_A_IRQHandler              
20010000  __STACK_END                   
00000200  __STACK_SIZE                  
00000858  __TI_CINIT_Base               
00000860  __TI_CINIT_Limit              
00000850  __TI_Handler_Table_Base       
00000858  __TI_Handler_Table_Limit      
000007a1  __TI_auto_init_nobinit_nopinit
00000739  __TI_decompress_lzss          
00000819  __TI_decompress_none          
ffffffff  __TI_pprof_out_hndl           
ffffffff  __TI_prof_data_size           
ffffffff  __TI_prof_data_start          
00000000  __TI_static_base__            
0000069d  __aeabi_memcpy                
0000069d  __aeabi_memcpy4               
0000069d  __aeabi_memcpy8               
ffffffff  __binit__                     
ffffffff  __c_args__                    
UNDEFED   __mpu_init                    
2000fe00  __stack                       
20000000  __start___llvm_prf_cnts       
20000000  __stop___llvm_prf_cnts        
000007e5  _c_int00_noargs               
UNDEFED   _system_post_cinit            
00000835  _system_pre_init              
00000839  abort                         
ffffffff  binit                         
20000004  flag                          
20000000  i                             
00000000  interruptVectors              
00000419  main                          
0000069d  memcpy                        


GLOBAL SYMBOLS: SORTED BY Symbol Address 

address   name                          
-------   ----                          
00000000  __TI_static_base__            
00000000  interruptVectors              
000000e5  SystemCoreClockUpdate         
00000200  __STACK_SIZE                  
0000035d  SystemInit                    
00000419  main                          
00000569  PORT1_IRQHandler              
00000569  PORT1_IRQHandler              
000005bb  TA0_0_IRQHandler              
000005bb  TA0_0_IRQHandler              
0000069d  __aeabi_memcpy                
0000069d  __aeabi_memcpy4               
0000069d  __aeabi_memcpy8               
0000069d  memcpy                        
00000739  __TI_decompress_lzss          
000007a1  __TI_auto_init_nobinit_nopinit
000007e5  _c_int00_noargs               
00000819  __TI_decompress_none          
00000827  Reset_Handler                 
00000833  ADC14_IRQHandler              
00000833  AES256_IRQHandler             
00000833  BusFault_Handler              
00000833  COMP_E0_IRQHandler            
00000833  COMP_E1_IRQHandler            
00000833  CS_IRQHandler                 
00000833  DMA_ERR_IRQHandler            
00000833  DMA_INT0_IRQHandler           
00000833  DMA_INT1_IRQHandler           
00000833  DMA_INT2_IRQHandler           
00000833  DMA_INT3_IRQHandler           
00000833  DebugMon_Handler              
00000833  Default_Handler               
00000833  EUSCIA0_IRQHandler            
00000833  EUSCIA1_IRQHandler            
00000833  EUSCIA2_IRQHandler            
00000833  EUSCIA3_IRQHandler            
00000833  EUSCIB0_IRQHandler            
00000833  EUSCIB1_IRQHandler            
00000833  EUSCIB2_IRQHandler            
00000833  EUSCIB3_IRQHandler            
00000833  FLCTL_IRQHandler              
00000833  FPU_IRQHandler                
00000833  HardFault_Handler             
00000833  MemManage_Handler             
00000833  NMI_Handler                   
00000833  PCM_IRQHandler                
00000833  PORT2_IRQHandler              
00000833  PORT3_IRQHandler              
00000833  PORT4_IRQHandler              
00000833  PORT5_IRQHandler              
00000833  PORT6_IRQHandler              
00000833  PSS_IRQHandler                
00000833  PendSV_Handler                
00000833  RTC_C_IRQHandler              
00000833  SVC_Handler                   
00000833  SysTick_Handler               
00000833  T32_INT1_IRQHandler           
00000833  T32_INT2_IRQHandler           
00000833  T32_INTC_IRQHandler           
00000833  TA0_N_IRQHandler              
00000833  TA1_0_IRQHandler              
00000833  TA1_N_IRQHandler              
00000833  TA2_0_IRQHandler              
00000833  TA2_N_IRQHandler              
00000833  TA3_0_IRQHandler              
00000833  TA3_N_IRQHandler              
00000833  UsageFault_Handler            
00000833  WDT_A_IRQHandler              
00000835  _system_pre_init              
00000839  C$$EXIT                       
00000839  abort                         
00000850  __TI_Handler_Table_Base       
00000858  __TI_CINIT_Base               
00000858  __TI_Handler_Table_Limit      
00000860  __TI_CINIT_Limit              
20000000  __start___llvm_prf_cnts       
20000000  __stop___llvm_prf_cnts        
20000000  i                             
20000004  flag                          
20000008  SystemCoreClock               
2000fe00  __stack                       
20010000  __STACK_END                   
4000480c  WDTCTL_SYM                    
ffffffff  __TI_pprof_out_hndl           
ffffffff  __TI_prof_data_size           
ffffffff  __TI_prof_data_start          
ffffffff  __binit__                     
ffffffff  __c_args__                    
ffffffff  binit                         
UNDEFED   __mpu_init                    
UNDEFED   _system_post_cinit            

[91 symbols]
