******************************************************************************
                  TI ARM Linker PC v20.2.5                     
******************************************************************************
>> Linked Sun Feb 20 22:50:28 2022

OUTPUT FILE NAME:   <LED_SWITCH.out>
ENTRY POINT SYMBOL: "_c_int00_noargs"  address: 000007a9


MEMORY CONFIGURATION

         name            origin    length      used     unused   attr    fill
----------------------  --------  ---------  --------  --------  ----  --------
  MAIN                  00000000   00040000  00000894  0003f76c  R  X
  INFO                  00200000   00004000  00000000  00004000  R  X
  SRAM_CODE             01000000   00010000  0000020c  0000fdf4  RW X
  SRAM_DATA             20000000   00010000  0000020c  0000fdf4  RW  


SEGMENT ALLOCATION MAP

run origin  load origin   length   init length attrs members
----------  ----------- ---------- ----------- ----- -------
00000000    00000000    00000898   00000898    r-x
  00000000    00000000    000000e4   000000e4    r-- .intvecs
  000000e4    000000e4    00000790   00000790    r-x .text
  00000878    00000878    00000020   00000020    r-- .cinit
20000000    20000000    0000000c   00000000    rw-
  20000000    20000000    0000000c   00000000    rw- .data
2000fe00    2000fe00    00000200   00000000    rw-
  2000fe00    2000fe00    00000200   00000000    rw- .stack


SECTION ALLOCATION MAP

 output                                  attributes/
section   page    origin      length       input sections
--------  ----  ----------  ----------   ----------------
.intvecs   0    00000000    000000e4     
                  00000000    000000e4     startup_msp432p401r_ccs.obj (.intvecs:retain)

.text      0    000000e4    00000790     
                  000000e4    00000334     system_msp432p401r.obj (.text)
                  00000418    00000154     gpio.obj (.text)
                  0000056c    000000b4     irq.obj (.text)
                  00000620    0000009c     rtsv7M4_T_le_v4SPD16_eabi.lib : memcpy_t2.asm.obj (.text)
                  000006bc    00000068                                   : copy_decompress_lzss.c.obj (.text:decompress:lzss:__TI_decompress_lzss)
                  00000724    00000044                                   : autoinit.c.obj (.text:__TI_auto_init_nobinit_nopinit:__TI_auto_init_nobinit_nopinit)
                  00000768    00000040     main.obj (.text)
                  000007a8    00000034     rtsv7M4_T_le_v4SPD16_eabi.lib : boot_cortex_m.c.obj (.text:_c_int00_noargs:_c_int00_noargs)
                  000007dc    00000030     Power_Saving.obj (.text)
                  0000080c    00000024     timer.obj (.text)
                  00000830    00000020     Switch.obj (.text)
                  00000850    0000000e     rtsv7M4_T_le_v4SPD16_eabi.lib : copy_decompress_none.c.obj (.text:decompress:none:__TI_decompress_none)
                  0000085e    0000000e     startup_msp432p401r_ccs.obj (.text)
                  0000086c    00000004     rtsv7M4_T_le_v4SPD16_eabi.lib : pre_init.c.obj (.text:_system_pre_init)
                  00000870    00000004                                   : exit.c.obj (.text:abort:abort)

.cinit     0    00000878    00000020     
                  00000878    00000010     (.cinit..data.load) [load image, compression = lzss]
                  00000888    00000008     (__TI_handler_table)
                  00000890    00000008     (__TI_cinit_table)

.init_array 
*          0    00000000    00000000     UNINITIALIZED

.binit     0    00000000    00000000     

.data      0    20000000    0000000c     UNINITIALIZED
                  20000000    00000005     irq.obj (.data)
                  20000005    00000003     --HOLE--
                  20000008    00000004     system_msp432p401r.obj (.data)

.stack     0    2000fe00    00000200     UNINITIALIZED
                  2000fe00    00000004     rtsv7M4_T_le_v4SPD16_eabi.lib : boot_cortex_m.c.obj (.stack)
                  2000fe04    000001fc     --HOLE--

__llvm_prf_cnts 
*          0    20000000    00000000     UNINITIALIZED

MODULE SUMMARY

       Module                        code   ro data   rw data
       ------                        ----   -------   -------
    .\
       system_msp432p401r.obj        820    0         8      
       gpio.obj                      340    0         0      
       startup_msp432p401r_ccs.obj   14     228       0      
       irq.obj                       180    0         10     
       main.obj                      64     0         0      
       Power_Saving.obj              48     0         0      
       timer.obj                     36     0         0      
       Switch.obj                    32     0         0      
    +--+-----------------------------+------+---------+---------+
       Total:                        1534   228       18     
                                                             
    C:\ti\ccs1110\ccs\tools\compiler\ti-cgt-arm_20.2.5.LTS\lib\rtsv7M4_T_le_v4SPD16_eabi.lib
       memcpy_t2.asm.obj             156    0         0      
       copy_decompress_lzss.c.obj    104    0         0      
       autoinit.c.obj                68     0         0      
       boot_cortex_m.c.obj           52     0         0      
       copy_decompress_none.c.obj    14     0         0      
       exit.c.obj                    4      0         0      
       pre_init.c.obj                4      0         0      
    +--+-----------------------------+------+---------+---------+
       Total:                        402    0         0      
                                                             
       Stack:                        0      0         1024   
       Linker Generated:             0      32        0      
    +--+-----------------------------+------+---------+---------+
       Grand Total:                  1936   260       1042   


LINKER GENERATED COPY TABLES

__TI_cinit_table @ 00000890 records: 1, size/record: 8, table size: 8
	.data: load addr=00000878, load size=00000010 bytes, run addr=20000000, run size=0000000c bytes, compression=lzss


LINKER GENERATED HANDLER TABLE

__TI_handler_table @ 00000888 records: 2, size/record: 4, table size: 8
	index: 0, handler: __TI_decompress_lzss
	index: 1, handler: __TI_decompress_none


GLOBAL SYMBOLS: SORTED ALPHABETICALLY BY Name 

address   name                          
-------   ----                          
0000086b  ADC14_IRQHandler              
0000086b  AES256_IRQHandler             
0000086b  BusFault_Handler              
00000871  C$$EXIT                       
0000086b  COMP_E0_IRQHandler            
0000086b  COMP_E1_IRQHandler            
0000086b  CS_IRQHandler                 
0000086b  DMA_ERR_IRQHandler            
0000086b  DMA_INT0_IRQHandler           
0000086b  DMA_INT1_IRQHandler           
0000086b  DMA_INT2_IRQHandler           
0000086b  DMA_INT3_IRQHandler           
0000086b  DebugMon_Handler              
0000086b  Default_Handler               
0000086b  EUSCIA0_IRQHandler            
0000086b  EUSCIA1_IRQHandler            
0000086b  EUSCIA2_IRQHandler            
0000086b  EUSCIA3_IRQHandler            
0000086b  EUSCIB0_IRQHandler            
0000086b  EUSCIB1_IRQHandler            
0000086b  EUSCIB2_IRQHandler            
0000086b  EUSCIB3_IRQHandler            
0000086b  FLCTL_IRQHandler              
0000086b  FPU_IRQHandler                
0000086b  HardFault_Handler             
0000086b  MemManage_Handler             
0000086b  NMI_Handler                   
0000086b  PCM_IRQHandler                
0000056d  PORT1_IRQHandler              
0000056d  PORT1_IRQHandler              
0000086b  PORT2_IRQHandler              
0000086b  PORT3_IRQHandler              
0000086b  PORT4_IRQHandler              
0000086b  PORT5_IRQHandler              
0000086b  PORT6_IRQHandler              
0000086b  PSS_IRQHandler                
0000086b  PendSV_Handler                
0000086b  RTC_C_IRQHandler              
0000085f  Reset_Handler                 
0000086b  SVC_Handler                   
0000086b  SysTick_Handler               
20000008  SystemCoreClock               
000000e5  SystemCoreClockUpdate         
0000035d  SystemInit                    
0000086b  T32_INT1_IRQHandler           
0000086b  T32_INT2_IRQHandler           
0000086b  T32_INTC_IRQHandler           
000005bf  TA0_0_IRQHandler              
000005bf  TA0_0_IRQHandler              
0000086b  TA0_N_IRQHandler              
0000086b  TA1_0_IRQHandler              
0000086b  TA1_N_IRQHandler              
0000086b  TA2_0_IRQHandler              
0000086b  TA2_N_IRQHandler              
0000086b  TA3_0_IRQHandler              
0000086b  TA3_N_IRQHandler              
0000086b  UsageFault_Handler            
4000480c  WDTCTL_SYM                    
0000086b  WDT_A_IRQHandler              
20010000  __STACK_END                   
00000200  __STACK_SIZE                  
00000890  __TI_CINIT_Base               
00000898  __TI_CINIT_Limit              
00000888  __TI_Handler_Table_Base       
00000890  __TI_Handler_Table_Limit      
00000725  __TI_auto_init_nobinit_nopinit
000006bd  __TI_decompress_lzss          
00000851  __TI_decompress_none          
ffffffff  __TI_pprof_out_hndl           
ffffffff  __TI_prof_data_size           
ffffffff  __TI_prof_data_start          
00000000  __TI_static_base__            
00000621  __aeabi_memcpy                
00000621  __aeabi_memcpy4               
00000621  __aeabi_memcpy8               
ffffffff  __binit__                     
ffffffff  __c_args__                    
UNDEFED   __mpu_init                    
2000fe00  __stack                       
20000000  __start___llvm_prf_cnts       
20000000  __stop___llvm_prf_cnts        
000007a9  _c_int00_noargs               
UNDEFED   _system_post_cinit            
0000086d  _system_pre_init              
00000871  abort                         
ffffffff  binit                         
0000047f  disable_rest                  
000007ed  enable_power_saving           
20000004  flag                          
20000000  i                             
00000423  init_port1                    
00000455  init_port2                    
00000000  interruptVectors              
00000769  main                          
00000621  memcpy                        
000007dd  sleeponexit                   
00000831  switch_init                   
0000080d  timer_enable                  
00000419  watchdog_disable              


GLOBAL SYMBOLS: SORTED BY Symbol Address 

address   name                          
-------   ----                          
00000000  __TI_static_base__            
00000000  interruptVectors              
000000e5  SystemCoreClockUpdate         
00000200  __STACK_SIZE                  
0000035d  SystemInit                    
00000419  watchdog_disable              
00000423  init_port1                    
00000455  init_port2                    
0000047f  disable_rest                  
0000056d  PORT1_IRQHandler              
0000056d  PORT1_IRQHandler              
000005bf  TA0_0_IRQHandler              
000005bf  TA0_0_IRQHandler              
00000621  __aeabi_memcpy                
00000621  __aeabi_memcpy4               
00000621  __aeabi_memcpy8               
00000621  memcpy                        
000006bd  __TI_decompress_lzss          
00000725  __TI_auto_init_nobinit_nopinit
00000769  main                          
000007a9  _c_int00_noargs               
000007dd  sleeponexit                   
000007ed  enable_power_saving           
0000080d  timer_enable                  
00000831  switch_init                   
00000851  __TI_decompress_none          
0000085f  Reset_Handler                 
0000086b  ADC14_IRQHandler              
0000086b  AES256_IRQHandler             
0000086b  BusFault_Handler              
0000086b  COMP_E0_IRQHandler            
0000086b  COMP_E1_IRQHandler            
0000086b  CS_IRQHandler                 
0000086b  DMA_ERR_IRQHandler            
0000086b  DMA_INT0_IRQHandler           
0000086b  DMA_INT1_IRQHandler           
0000086b  DMA_INT2_IRQHandler           
0000086b  DMA_INT3_IRQHandler           
0000086b  DebugMon_Handler              
0000086b  Default_Handler               
0000086b  EUSCIA0_IRQHandler            
0000086b  EUSCIA1_IRQHandler            
0000086b  EUSCIA2_IRQHandler            
0000086b  EUSCIA3_IRQHandler            
0000086b  EUSCIB0_IRQHandler            
0000086b  EUSCIB1_IRQHandler            
0000086b  EUSCIB2_IRQHandler            
0000086b  EUSCIB3_IRQHandler            
0000086b  FLCTL_IRQHandler              
0000086b  FPU_IRQHandler                
0000086b  HardFault_Handler             
0000086b  MemManage_Handler             
0000086b  NMI_Handler                   
0000086b  PCM_IRQHandler                
0000086b  PORT2_IRQHandler              
0000086b  PORT3_IRQHandler              
0000086b  PORT4_IRQHandler              
0000086b  PORT5_IRQHandler              
0000086b  PORT6_IRQHandler              
0000086b  PSS_IRQHandler                
0000086b  PendSV_Handler                
0000086b  RTC_C_IRQHandler              
0000086b  SVC_Handler                   
0000086b  SysTick_Handler               
0000086b  T32_INT1_IRQHandler           
0000086b  T32_INT2_IRQHandler           
0000086b  T32_INTC_IRQHandler           
0000086b  TA0_N_IRQHandler              
0000086b  TA1_0_IRQHandler              
0000086b  TA1_N_IRQHandler              
0000086b  TA2_0_IRQHandler              
0000086b  TA2_N_IRQHandler              
0000086b  TA3_0_IRQHandler              
0000086b  TA3_N_IRQHandler              
0000086b  UsageFault_Handler            
0000086b  WDT_A_IRQHandler              
0000086d  _system_pre_init              
00000871  C$$EXIT                       
00000871  abort                         
00000888  __TI_Handler_Table_Base       
00000890  __TI_CINIT_Base               
00000890  __TI_Handler_Table_Limit      
00000898  __TI_CINIT_Limit              
20000000  __start___llvm_prf_cnts       
20000000  __stop___llvm_prf_cnts        
20000000  i                             
20000004  flag                          
20000008  SystemCoreClock               
2000fe00  __stack                       
20010000  __STACK_END                   
4000480c  WDTCTL_SYM                    
ffffffff  __TI_pprof_out_hndl           
ffffffff  __TI_prof_data_size           
ffffffff  __TI_prof_data_start          
ffffffff  __binit__                     
ffffffff  __c_args__                    
ffffffff  binit                         
UNDEFED   __mpu_init                    
UNDEFED   _system_post_cinit            

[99 symbols]
